ASxxxx Linker V03.00 + NoICE + sdld,  page 1.
Hexadecimal  [32-Bits]

Area                                    Addr        Size        Decimal Bytes (Attributes)
--------------------------------        ----        ----        ------- ----- ------------
.  .ABS.                            00000000    00000000 =           0. bytes (ABS,CON)

      Value  Global                              Global Defined In Module
      -----  --------------------------------   ------------------------
     00000000  .__.ABS.                           
     00000000  l_CABS                          
     00000000  l_DABS                          
     00000000  l_INITIALIZED                   
     00000000  l_INITIALIZER                   
     00000000  l__CODE                         
     00000000  s_CABS                          
     00000000  s_DABS                          
     00000000  s__CODE                         
     00000001  l_SSEG                          
     00000001  s_DATA                          
     00000003  l_GSFINAL                       
     0000001A  l_GSINIT                        
     00000083  l_HOME                          
     000001FE  l_DATA                          
     000001FF  s_INITIALIZED                   
     00001F3D  l_CODE                          
     00008000  s_HOME                          
     00008083  s_GSINIT                        
     0000809D  s_GSFINAL                       
     000080A0  s_CODE                          
     00009FDD  s_INITIALIZER                   
     00009FDD  s_SSEG                          

ASxxxx Linker V03.00 + NoICE + sdld,  page 2.
Hexadecimal  [32-Bits]

Area                                    Addr        Size        Decimal Bytes (Attributes)
--------------------------------        ----        ----        ------- ----- ------------
DATA                                00000001    000001FE =         510. bytes (REL,CON)

      Value  Global                              Global Defined In Module
      -----  --------------------------------   ------------------------
ASxxxx Linker V03.00 + NoICE + sdld,  page 3.
Hexadecimal  [32-Bits]

Area                                    Addr        Size        Decimal Bytes (Attributes)
--------------------------------        ----        ----        ------- ----- ------------
HOME                                00008000    00000083 =         131. bytes (REL,CON)

      Value  Global                              Global Defined In Module
      -----  --------------------------------   ------------------------
ASxxxx Linker V03.00 + NoICE + sdld,  page 4.
Hexadecimal  [32-Bits]

Area                                    Addr        Size        Decimal Bytes (Attributes)
--------------------------------        ----        ----        ------- ----- ------------
GSINIT                              00008083    0000001A =          26. bytes (REL,CON)

      Value  Global                              Global Defined In Module
      -----  --------------------------------   ------------------------
ASxxxx Linker V03.00 + NoICE + sdld,  page 5.
Hexadecimal  [32-Bits]

Area                                    Addr        Size        Decimal Bytes (Attributes)
--------------------------------        ----        ----        ------- ----- ------------
GSFINAL                             0000809D    00000003 =           3. bytes (REL,CON)

      Value  Global                              Global Defined In Module
      -----  --------------------------------   ------------------------
ASxxxx Linker V03.00 + NoICE + sdld,  page 6.
Hexadecimal  [32-Bits]

Area                                    Addr        Size        Decimal Bytes (Attributes)
--------------------------------        ----        ----        ------- ----- ------------
CODE                                000080A0    00001F3D =        7997. bytes (REL,CON)

      Value  Global                              Global Defined In Module
      -----  --------------------------------   ------------------------
     000080A0  _LcdInit                           lcd5110
     00008148  _LcdClear                          lcd5110
     00008164  _LcdUpdate                         lcd5110
     0000826B  _LcdContrast                       lcd5110
     00008287  _LcdGotoXYFont                     lcd5110
     000082AF  _LcdChar                           lcd5110
     000085C3  _LcdStr                            lcd5110
     000085E9  _LcdFStr                           lcd5110
     0000860F  _LcdPixel                          lcd5110
     000086AD  _LcdLine                           lcd5110
     000087B1  _LcdCircle                         lcd5110
     000088C8  _LcdRect                           lcd5110
     00008948  _LcdImage                          lcd5110
     00008964  _LcdWriteToCache                   lcd5110
     0000896E  _LcdIvertLine                      lcd5110
     00008998  _LcdIvertLineFragment              lcd5110
     000091CF  _clock_setup                       main
     0000924F  _delay                             main
     0000925B  _main                              main
     00009AA2  _CLK_DeInit                        stm8s_clk
     00009ADA  _CLK_FastHaltWakeUpCmd             stm8s_clk
     00009AEE  _CLK_HSECmd                        stm8s_clk
     00009AFC  _CLK_HSICmd                        stm8s_clk
     00009B0A  _CLK_LSICmd                        stm8s_clk
     00009B1E  _CLK_CCOCmd                        stm8s_clk
     00009B2C  _CLK_ClockSwitchCmd                stm8s_clk
     00009B40  _CLK_SlowActiveHaltWakeUpCmd       stm8s_clk
     00009B54  _CLK_PeripheralClockConfig         stm8s_clk
     00009BAA  _CLK_ClockSwitchConfig             stm8s_clk
     00009C6F  _CLK_HSIPrescalerConfig            stm8s_clk
     00009C81  _CLK_CCOConfig                     stm8s_clk
     00009C97  _CLK_ITConfig                      stm8s_clk
     00009CE6  _CLK_SYSCLKConfig                  stm8s_clk
     00009D1D  _CLK_SWIMConfig                    stm8s_clk
     00009D2B  _CLK_ClockSecuritySystemEnable     stm8s_clk
     00009D30  _CLK_GetSYSCLKSource               stm8s_clk
     00009D35  _CLK_GetClockFreq                  stm8s_clk
     00009D8E  _CLK_AdjustHSICalibrationValue     stm8s_clk
     00009D9B  _CLK_SYSCLKEmergencyClear          stm8s_clk
     00009DA0  _CLK_GetFlagStatus                 stm8s_clk
     00009DE8  _CLK_GetITStatus                   stm8s_clk
     00009E0C  _CLK_ClearITPendingBit             stm8s_clk
     00009E22  _HSIDivFactor                      stm8s_clk
     00009E26  _CLKPrescTable                     stm8s_clk
     00009E2E  _GPIO_Init                         stm8s_gpio
     00009EBC  _GPIO_Write                        stm8s_gpio
     00009EC2  _GPIO_WriteHigh                    stm8s_gpio
     00009EC9  _GPIO_WriteLow                     stm8s_gpio
     00009ED7  _GPIO_WriteReverse                 stm8s_gpio
     00009EDE  _GPIO_ReadOutputData               stm8s_gpio
ASxxxx Linker V03.00 + NoICE + sdld,  page 7.
Hexadecimal  [32-Bits]

Area                                    Addr        Size        Decimal Bytes (Attributes)
--------------------------------        ----        ----        ------- ----- ------------
CODE                                000080A0    00001F3D =        7997. bytes (REL,CON)

      Value  Global                              Global Defined In Module
      -----  --------------------------------   ------------------------
     00009EE2  _GPIO_ReadInputData                stm8s_gpio
     00009EE7  _GPIO_ReadInputPin                 stm8s_gpio
     00009EEE  _GPIO_ExternalPullUpConfig         stm8s_gpio
     00009F09  __divulong                         
     00009F63  _memset                            _memset
     00009F84  _memcpy                            _memcpy
     00009FB3  __modsint                          
     00009FC9  __divsint                          

ASxxxx Linker V03.00 + NoICE + sdld,  page 8.
Hexadecimal  [32-Bits]

Area                                    Addr        Size        Decimal Bytes (Attributes)
--------------------------------        ----        ----        ------- ----- ------------
SSEG                                00009FDD    00000001 =           1. bytes (REL,CON)

      Value  Global                              Global Defined In Module
      -----  --------------------------------   ------------------------
ASxxxx Linker V03.00 + NoICE + sdld,  page 9.

Files Linked                              [ module(s) ]

build/user/lcd5110.rel                    [ lcd5110 ]
build/user/main.rel                       [ main ]
build/lib/stm8s_clk.rel                   [ stm8s_clk ]
build/lib/stm8s_gpio.rel                  [ stm8s_gpio ]


Libraries Linked                          [ object file ]

c:\Program Files\SDCC\bin\..\lib\stm8/stm8.lib
                                          [ _divulong.rel ]
c:\Program Files\SDCC\bin\..\lib\stm8/stm8.lib
                                          [ _memset.rel ]
c:\Program Files\SDCC\bin\..\lib\stm8/stm8.lib
                                          [ _memcpy.rel ]
c:\Program Files\SDCC\bin\..\lib\stm8/stm8.lib
                                          [ _modsint.rel ]
c:\Program Files\SDCC\bin\..\lib\stm8/stm8.lib
                                          [ _divsint.rel ]

ASxxxx Linker V03.00 + NoICE + sdld,  page 10.

User Base Address Definitions

HOME = 0x8000
DATA = 0x0001

